.str0 {
  stroke : #007844;
  stroke-width : 44
}

.fil0 {
  fill : url(#id0)
}