***************
start_document
***************

***************
start_selector
s1[foo]
***************

***************
property
prop1: "String"
***************

***************
end_selector
s1[foo]
***************

***************
start_selector
s2[foo]
***************

***************
start_selector
s3[foo="warning"]
***************

***************
property
prop1: value1
***************

***************
end_selector
s3[foo="warning"]
***************

***************
start_selector
s4[foo~="warning"]
***************

***************
property
prop1: value1
***************

***************
end_selector
s4[foo~="warning"]
***************

***************
start_selector
s5.warning
***************

***************
property
prop1: value
***************

***************
end_selector
s5.warning
***************

***************
start_selector
E#myid
***************

***************
property
prop1: value1
***************

***************
end_selector
E#myid
***************

***************
start_selector
S6:first-child
***************

***************
property
prop1: value1
***************

***************
property
prop2: value2
***************

***************
end_selector
S6:first-child
***************

***************
start_selector
S7:lang(c)
***************

***************
property
prop1: value1
***************

***************
end_selector
S7:lang(c)
***************

***************
start_selector
S8+s2
***************

***************
property
prop1: value1
***************

***************
end_selector
S8+s2
***************

***************
end_document
***************

